// Jest Snapshot v1, https://goo.gl/fbAQLP

exports[`Card renders snapshot 1`] = `
<div>
  <div
    class="makeStyles-card-1"
  />
</div>
`;
