// Jest Snapshot v1, https://goo.gl/fbAQLP

exports[`Cardbody renders snapshot 1`] = `
<div>
  <div
    class="makeStyles-cardBody-1"
  />
</div>
`;
