// Jest Snapshot v1, https://goo.gl/fbAQLP

exports[`CardHeader renders snapshot 1`] = `
<div>
  <div
    class="makeStyles-cardHeader-1"
  />
</div>
`;
